// Jest Snapshot v1, https://goo.gl/fbAQLP

exports[`Tests on GifGrid should render correctly 1`] = `
<Fragment>
  <h3>
    One Punch Man
  </h3>
  <p
    className="animate__animated animate__flash"
  >
    Loading...
  </p>
  <div
    className="card-grid"
  />
</Fragment>
`;
